$ next dev --hostname "127.0.0.1" --port "3303"
   ▲ Next.js 15.1.11
   - Local:        http://127.0.0.1:3303
   - Network:      http://127.0.0.1:3303
   - Environments: .env.local

 ✓ Starting...
 ✓ Ready in 1656ms
 ✓ Compiled /src/middleware in 132ms (100 modules)
 ○ Compiling /tracks ...
 ✓ Compiled /tracks in 806ms (716 modules)
 GET /tracks 200 in 1122ms
 ✓ Compiled /tracks/[trackId]/[unitId] in 421ms (836 modules)
 GET /tracks/track_b/unit_04C?markdown=%2Fmarkdown%2F_parity%2F2026-03-15T07-36-26-104Z%2Ftrack_b%2Funit_04C%2Fbaseline.md 200 in 996ms
 GET /tracks/track_b/unit_04C?markdown=%2Fmarkdown%2F_parity%2F2026-03-15T07-36-26-104Z%2Ftrack_b%2Funit_04C%2Fcurrent.md 200 in 33ms
 GET /tracks/track_b/unit_04C?markdown=%2Fmarkdown%2F_parity%2F2026-03-15T07-36-26-104Z%2Ftrack_b%2Funit_04C%2Fbaseline.md 200 in 28ms
 GET /tracks/track_b/unit_04C?markdown=%2Fmarkdown%2F_parity%2F2026-03-15T07-36-26-104Z%2Ftrack_b%2Funit_04C%2Fcurrent.md 200 in 28ms
 GET /tracks/track_b/unit_05?markdown=%2Fmarkdown%2F_parity%2F2026-03-15T07-36-26-104Z%2Ftrack_b%2Funit_05%2Fbaseline.md 200 in 23ms
 GET /tracks/track_b/unit_05?markdown=%2Fmarkdown%2F_parity%2F2026-03-15T07-36-26-104Z%2Ftrack_b%2Funit_05%2Fcurrent.md 200 in 20ms
 GET /tracks/track_b/unit_05?markdown=%2Fmarkdown%2F_parity%2F2026-03-15T07-36-26-104Z%2Ftrack_b%2Funit_05%2Fbaseline.md 200 in 20ms
 GET /tracks/track_b/unit_05?markdown=%2Fmarkdown%2F_parity%2F2026-03-15T07-36-26-104Z%2Ftrack_b%2Funit_05%2Fcurrent.md 200 in 20ms
 GET /tracks/track_b/unit_06?markdown=%2Fmarkdown%2F_parity%2F2026-03-15T07-36-26-104Z%2Ftrack_b%2Funit_06%2Fbaseline.md 200 in 40ms
 GET /tracks/track_b/unit_06?markdown=%2Fmarkdown%2F_parity%2F2026-03-15T07-36-26-104Z%2Ftrack_b%2Funit_06%2Fcurrent.md 200 in 19ms
 GET /tracks/track_b/unit_06?markdown=%2Fmarkdown%2F_parity%2F2026-03-15T07-36-26-104Z%2Ftrack_b%2Funit_06%2Fbaseline.md 200 in 20ms
 GET /tracks/track_b/unit_06?markdown=%2Fmarkdown%2F_parity%2F2026-03-15T07-36-26-104Z%2Ftrack_b%2Funit_06%2Fcurrent.md 200 in 16ms
