$ next dev --hostname "127.0.0.1" --port "3301"
   ▲ Next.js 15.1.11
   - Local:        http://127.0.0.1:3301
   - Network:      http://127.0.0.1:3301
   - Environments: .env.local

 ✓ Starting...
 ✓ Ready in 1388ms
 ✓ Compiled /src/middleware in 113ms (100 modules)
 ○ Compiling /tracks ...
 ✓ Compiled /tracks in 803ms (716 modules)
 GET /tracks 200 in 1132ms
 ✓ Compiled /tracks/[trackId]/[unitId] in 393ms (836 modules)
 GET /tracks/track_a/unit_01?markdown=%2Fmarkdown%2F_parity%2F2026-03-15T07-14-05-922Z%2Ftrack_a%2Funit_01%2Fbaseline.md 200 in 977ms
 GET /tracks/track_a/unit_01?markdown=%2Fmarkdown%2F_parity%2F2026-03-15T07-14-05-922Z%2Ftrack_a%2Funit_01%2Fcurrent.md 200 in 22ms
 GET /tracks/track_a/unit_01?markdown=%2Fmarkdown%2F_parity%2F2026-03-15T07-14-05-922Z%2Ftrack_a%2Funit_01%2Fbaseline.md 200 in 38ms
 GET /tracks/track_a/unit_01?markdown=%2Fmarkdown%2F_parity%2F2026-03-15T07-14-05-922Z%2Ftrack_a%2Funit_01%2Fcurrent.md 200 in 19ms
 GET /tracks/track_a/unit_03?markdown=%2Fmarkdown%2F_parity%2F2026-03-15T07-14-05-922Z%2Ftrack_a%2Funit_03%2Fbaseline.md 200 in 22ms
 GET /tracks/track_a/unit_03?markdown=%2Fmarkdown%2F_parity%2F2026-03-15T07-14-05-922Z%2Ftrack_a%2Funit_03%2Fcurrent.md 200 in 18ms
 GET /tracks/track_a/unit_03?markdown=%2Fmarkdown%2F_parity%2F2026-03-15T07-14-05-922Z%2Ftrack_a%2Funit_03%2Fbaseline.md 200 in 20ms
 GET /tracks/track_a/unit_03?markdown=%2Fmarkdown%2F_parity%2F2026-03-15T07-14-05-922Z%2Ftrack_a%2Funit_03%2Fcurrent.md 200 in 20ms
 GET /tracks/track_a/unit_04?markdown=%2Fmarkdown%2F_parity%2F2026-03-15T07-14-05-922Z%2Ftrack_a%2Funit_04%2Fbaseline.md 200 in 23ms
 GET /tracks/track_a/unit_04?markdown=%2Fmarkdown%2F_parity%2F2026-03-15T07-14-05-922Z%2Ftrack_a%2Funit_04%2Fcurrent.md 200 in 18ms
 GET /tracks/track_a/unit_04?markdown=%2Fmarkdown%2F_parity%2F2026-03-15T07-14-05-922Z%2Ftrack_a%2Funit_04%2Fbaseline.md 200 in 19ms
 GET /tracks/track_a/unit_04?markdown=%2Fmarkdown%2F_parity%2F2026-03-15T07-14-05-922Z%2Ftrack_a%2Funit_04%2Fcurrent.md 200 in 17ms
 GET /tracks/track_a/unit_04A?markdown=%2Fmarkdown%2F_parity%2F2026-03-15T07-14-05-922Z%2Ftrack_a%2Funit_04A%2Fbaseline.md 200 in 33ms
 GET /tracks/track_a/unit_04A?markdown=%2Fmarkdown%2F_parity%2F2026-03-15T07-14-05-922Z%2Ftrack_a%2Funit_04A%2Fcurrent.md 200 in 17ms
 GET /tracks/track_a/unit_04A?markdown=%2Fmarkdown%2F_parity%2F2026-03-15T07-14-05-922Z%2Ftrack_a%2Funit_04A%2Fbaseline.md 200 in 25ms
 GET /tracks/track_a/unit_04A?markdown=%2Fmarkdown%2F_parity%2F2026-03-15T07-14-05-922Z%2Ftrack_a%2Funit_04A%2Fcurrent.md 200 in 16ms
 GET /tracks/track_a/unit_05?markdown=%2Fmarkdown%2F_parity%2F2026-03-15T07-14-05-922Z%2Ftrack_a%2Funit_05%2Fbaseline.md 200 in 18ms
 GET /tracks/track_a/unit_05?markdown=%2Fmarkdown%2F_parity%2F2026-03-15T07-14-05-922Z%2Ftrack_a%2Funit_05%2Fcurrent.md 200 in 16ms
 GET /tracks/track_a/unit_05?markdown=%2Fmarkdown%2F_parity%2F2026-03-15T07-14-05-922Z%2Ftrack_a%2Funit_05%2Fbaseline.md 200 in 25ms
 GET /tracks/track_a/unit_05?markdown=%2Fmarkdown%2F_parity%2F2026-03-15T07-14-05-922Z%2Ftrack_a%2Funit_05%2Fcurrent.md 200 in 17ms
 GET /tracks/track_a/unit_05A?markdown=%2Fmarkdown%2F_parity%2F2026-03-15T07-14-05-922Z%2Ftrack_a%2Funit_05A%2Fbaseline.md 200 in 18ms
 GET /tracks/track_a/unit_05A?markdown=%2Fmarkdown%2F_parity%2F2026-03-15T07-14-05-922Z%2Ftrack_a%2Funit_05A%2Fcurrent.md 200 in 16ms
 GET /tracks/track_a/unit_05A?markdown=%2Fmarkdown%2F_parity%2F2026-03-15T07-14-05-922Z%2Ftrack_a%2Funit_05A%2Fbaseline.md 200 in 33ms
 GET /tracks/track_a/unit_05A?markdown=%2Fmarkdown%2F_parity%2F2026-03-15T07-14-05-922Z%2Ftrack_a%2Funit_05A%2Fcurrent.md 200 in 15ms
 GET /tracks/track_a/unit_06?markdown=%2Fmarkdown%2F_parity%2F2026-03-15T07-14-05-922Z%2Ftrack_a%2Funit_06%2Fbaseline.md 200 in 20ms
 GET /tracks/track_a/unit_06?markdown=%2Fmarkdown%2F_parity%2F2026-03-15T07-14-05-922Z%2Ftrack_a%2Funit_06%2Fcurrent.md 200 in 16ms
 GET /tracks/track_a/unit_06?markdown=%2Fmarkdown%2F_parity%2F2026-03-15T07-14-05-922Z%2Ftrack_a%2Funit_06%2Fbaseline.md 200 in 16ms
 GET /tracks/track_a/unit_06?markdown=%2Fmarkdown%2F_parity%2F2026-03-15T07-14-05-922Z%2Ftrack_a%2Funit_06%2Fcurrent.md 200 in 24ms
 GET /tracks/track_a/unit_06A?markdown=%2Fmarkdown%2F_parity%2F2026-03-15T07-14-05-922Z%2Ftrack_a%2Funit_06A%2Fbaseline.md 200 in 18ms
 GET /tracks/track_a/unit_06A?markdown=%2Fmarkdown%2F_parity%2F2026-03-15T07-14-05-922Z%2Ftrack_a%2Funit_06A%2Fcurrent.md 200 in 15ms
 GET /tracks/track_a/unit_06A?markdown=%2Fmarkdown%2F_parity%2F2026-03-15T07-14-05-922Z%2Ftrack_a%2Funit_06A%2Fbaseline.md 200 in 17ms
 GET /tracks/track_a/unit_06A?markdown=%2Fmarkdown%2F_parity%2F2026-03-15T07-14-05-922Z%2Ftrack_a%2Funit_06A%2Fcurrent.md 200 in 15ms
 GET /tracks/track_a/unit_07?markdown=%2Fmarkdown%2F_parity%2F2026-03-15T07-14-05-922Z%2Ftrack_a%2Funit_07%2Fbaseline.md 200 in 24ms
 GET /tracks/track_a/unit_07?markdown=%2Fmarkdown%2F_parity%2F2026-03-15T07-14-05-922Z%2Ftrack_a%2Funit_07%2Fcurrent.md 200 in 24ms
 GET /tracks/track_a/unit_07?markdown=%2Fmarkdown%2F_parity%2F2026-03-15T07-14-05-922Z%2Ftrack_a%2Funit_07%2Fbaseline.md 200 in 18ms
 GET /tracks/track_a/unit_07?markdown=%2Fmarkdown%2F_parity%2F2026-03-15T07-14-05-922Z%2Ftrack_a%2Funit_07%2Fcurrent.md 200 in 16ms
