$ next dev --hostname "127.0.0.1" --port "3303"
   ▲ Next.js 15.1.11
   - Local:        http://127.0.0.1:3303
   - Network:      http://127.0.0.1:3303
   - Environments: .env.local

 ✓ Starting...
 ✓ Ready in 1140ms
 ✓ Compiled /src/middleware in 81ms (100 modules)
 ○ Compiling /tracks ...
 ✓ Compiled /tracks in 553ms (716 modules)
 GET /tracks 200 in 772ms
 ✓ Compiled /tracks/[trackId]/[unitId] in 236ms (836 modules)
 GET /tracks/track_b/unit_00?markdown=%2Fmarkdown%2F_parity%2F2026-03-15T15-11-01-398Z%2Ftrack_b%2Funit_00%2Fbaseline.md 200 in 617ms
 GET /tracks/track_b/unit_00?markdown=%2Fmarkdown%2F_parity%2F2026-03-15T15-11-01-398Z%2Ftrack_b%2Funit_00%2Fcurrent.md 200 in 16ms
 GET /tracks/track_b/unit_00?markdown=%2Fmarkdown%2F_parity%2F2026-03-15T15-11-01-398Z%2Ftrack_b%2Funit_00%2Fbaseline.md 200 in 19ms
 GET /tracks/track_b/unit_00?markdown=%2Fmarkdown%2F_parity%2F2026-03-15T15-11-01-398Z%2Ftrack_b%2Funit_00%2Fcurrent.md 200 in 13ms
 GET /tracks/track_b/unit_02?markdown=%2Fmarkdown%2F_parity%2F2026-03-15T15-11-01-398Z%2Ftrack_b%2Funit_02%2Fbaseline.md 200 in 14ms
 GET /tracks/track_b/unit_02?markdown=%2Fmarkdown%2F_parity%2F2026-03-15T15-11-01-398Z%2Ftrack_b%2Funit_02%2Fcurrent.md 200 in 13ms
 GET /tracks/track_b/unit_02?markdown=%2Fmarkdown%2F_parity%2F2026-03-15T15-11-01-398Z%2Ftrack_b%2Funit_02%2Fbaseline.md 200 in 18ms
 GET /tracks/track_b/unit_02?markdown=%2Fmarkdown%2F_parity%2F2026-03-15T15-11-01-398Z%2Ftrack_b%2Funit_02%2Fcurrent.md 200 in 18ms
 GET /tracks/track_b/unit_03?markdown=%2Fmarkdown%2F_parity%2F2026-03-15T15-11-01-398Z%2Ftrack_b%2Funit_03%2Fbaseline.md 200 in 16ms
 GET /tracks/track_b/unit_03?markdown=%2Fmarkdown%2F_parity%2F2026-03-15T15-11-01-398Z%2Ftrack_b%2Funit_03%2Fcurrent.md 200 in 14ms
 GET /tracks/track_b/unit_03?markdown=%2Fmarkdown%2F_parity%2F2026-03-15T15-11-01-398Z%2Ftrack_b%2Funit_03%2Fbaseline.md 200 in 13ms
 GET /tracks/track_b/unit_03?markdown=%2Fmarkdown%2F_parity%2F2026-03-15T15-11-01-398Z%2Ftrack_b%2Funit_03%2Fcurrent.md 200 in 14ms
 GET /tracks/track_b/unit_04?markdown=%2Fmarkdown%2F_parity%2F2026-03-15T15-11-01-398Z%2Ftrack_b%2Funit_04%2Fbaseline.md 200 in 15ms
 GET /tracks/track_b/unit_04?markdown=%2Fmarkdown%2F_parity%2F2026-03-15T15-11-01-398Z%2Ftrack_b%2Funit_04%2Fcurrent.md 200 in 12ms
 GET /tracks/track_b/unit_04?markdown=%2Fmarkdown%2F_parity%2F2026-03-15T15-11-01-398Z%2Ftrack_b%2Funit_04%2Fbaseline.md 200 in 14ms
 GET /tracks/track_b/unit_04?markdown=%2Fmarkdown%2F_parity%2F2026-03-15T15-11-01-398Z%2Ftrack_b%2Funit_04%2Fcurrent.md 200 in 13ms
 GET /tracks/track_b/unit_04A?markdown=%2Fmarkdown%2F_parity%2F2026-03-15T15-11-01-398Z%2Ftrack_b%2Funit_04A%2Fbaseline.md 200 in 12ms
 GET /tracks/track_b/unit_04A?markdown=%2Fmarkdown%2F_parity%2F2026-03-15T15-11-01-398Z%2Ftrack_b%2Funit_04A%2Fcurrent.md 200 in 15ms
 GET /tracks/track_b/unit_04A?markdown=%2Fmarkdown%2F_parity%2F2026-03-15T15-11-01-398Z%2Ftrack_b%2Funit_04A%2Fbaseline.md 200 in 13ms
 GET /tracks/track_b/unit_04A?markdown=%2Fmarkdown%2F_parity%2F2026-03-15T15-11-01-398Z%2Ftrack_b%2Funit_04A%2Fcurrent.md 200 in 16ms
