$ next dev --hostname "127.0.0.1" --port "3313"
   ▲ Next.js 15.1.11
   - Local:        http://127.0.0.1:3313
   - Network:      http://127.0.0.1:3313
   - Environments: .env.local

 ✓ Starting...
 ✓ Ready in 1473ms
 ✓ Compiled /src/middleware in 126ms (100 modules)
 ○ Compiling /tracks ...
 ✓ Compiled /tracks in 834ms (716 modules)
 GET /tracks 200 in 1162ms
 ✓ Compiled /tracks/[trackId]/[unitId] in 427ms (836 modules)
 GET /tracks/track_b/unit_00?markdown=%2Fmarkdown%2F_parity%2F2026-03-16T00-38-37-189Z%2Ftrack_b%2Funit_00%2Fbaseline.md 200 in 1026ms
 GET /tracks/track_b/unit_00?markdown=%2Fmarkdown%2F_parity%2F2026-03-16T00-38-37-189Z%2Ftrack_b%2Funit_00%2Fcurrent.md 200 in 31ms
 GET /tracks/track_b/unit_00?markdown=%2Fmarkdown%2F_parity%2F2026-03-16T00-38-37-189Z%2Ftrack_b%2Funit_00%2Fbaseline.md 200 in 29ms
 GET /tracks/track_b/unit_00?markdown=%2Fmarkdown%2F_parity%2F2026-03-16T00-38-37-189Z%2Ftrack_b%2Funit_00%2Fcurrent.md 200 in 31ms
 GET /tracks/track_b/unit_02?markdown=%2Fmarkdown%2F_parity%2F2026-03-16T00-38-37-189Z%2Ftrack_b%2Funit_02%2Fbaseline.md 200 in 25ms
 GET /tracks/track_b/unit_02?markdown=%2Fmarkdown%2F_parity%2F2026-03-16T00-38-37-189Z%2Ftrack_b%2Funit_02%2Fcurrent.md 200 in 19ms
 GET /tracks/track_b/unit_02?markdown=%2Fmarkdown%2F_parity%2F2026-03-16T00-38-37-189Z%2Ftrack_b%2Funit_02%2Fbaseline.md 200 in 21ms
 GET /tracks/track_b/unit_02?markdown=%2Fmarkdown%2F_parity%2F2026-03-16T00-38-37-189Z%2Ftrack_b%2Funit_02%2Fcurrent.md 200 in 23ms
 GET /tracks/track_b/unit_03?markdown=%2Fmarkdown%2F_parity%2F2026-03-16T00-38-37-189Z%2Ftrack_b%2Funit_03%2Fbaseline.md 200 in 22ms
 GET /tracks/track_b/unit_03?markdown=%2Fmarkdown%2F_parity%2F2026-03-16T00-38-37-189Z%2Ftrack_b%2Funit_03%2Fcurrent.md 200 in 19ms
 GET /tracks/track_b/unit_03?markdown=%2Fmarkdown%2F_parity%2F2026-03-16T00-38-37-189Z%2Ftrack_b%2Funit_03%2Fbaseline.md 200 in 18ms
 GET /tracks/track_b/unit_03?markdown=%2Fmarkdown%2F_parity%2F2026-03-16T00-38-37-189Z%2Ftrack_b%2Funit_03%2Fcurrent.md 200 in 16ms
 GET /tracks/track_b/unit_04?markdown=%2Fmarkdown%2F_parity%2F2026-03-16T00-38-37-189Z%2Ftrack_b%2Funit_04%2Fbaseline.md 200 in 21ms
 GET /tracks/track_b/unit_04?markdown=%2Fmarkdown%2F_parity%2F2026-03-16T00-38-37-189Z%2Ftrack_b%2Funit_04%2Fcurrent.md 200 in 17ms
 GET /tracks/track_b/unit_04?markdown=%2Fmarkdown%2F_parity%2F2026-03-16T00-38-37-189Z%2Ftrack_b%2Funit_04%2Fbaseline.md 200 in 23ms
 GET /tracks/track_b/unit_04?markdown=%2Fmarkdown%2F_parity%2F2026-03-16T00-38-37-189Z%2Ftrack_b%2Funit_04%2Fcurrent.md 200 in 16ms
 GET /tracks/track_b/unit_04A?markdown=%2Fmarkdown%2F_parity%2F2026-03-16T00-38-37-189Z%2Ftrack_b%2Funit_04A%2Fbaseline.md 200 in 22ms
 GET /tracks/track_b/unit_04A?markdown=%2Fmarkdown%2F_parity%2F2026-03-16T00-38-37-189Z%2Ftrack_b%2Funit_04A%2Fcurrent.md 200 in 16ms
 GET /tracks/track_b/unit_04A?markdown=%2Fmarkdown%2F_parity%2F2026-03-16T00-38-37-189Z%2Ftrack_b%2Funit_04A%2Fbaseline.md 200 in 16ms
 GET /tracks/track_b/unit_04A?markdown=%2Fmarkdown%2F_parity%2F2026-03-16T00-38-37-189Z%2Ftrack_b%2Funit_04A%2Fcurrent.md 200 in 18ms
