$ next dev --hostname "127.0.0.1" --port "3304"
   ▲ Next.js 15.1.11
   - Local:        http://127.0.0.1:3304
   - Network:      http://127.0.0.1:3304
   - Environments: .env.local

 ✓ Starting...
 ✓ Ready in 1589ms
 ✓ Compiled /src/middleware in 150ms (100 modules)
 ○ Compiling /tracks ...
 ✓ Compiled /tracks in 789ms (716 modules)
 GET /tracks 200 in 1114ms
 ✓ Compiled /tracks/[trackId]/[unitId] in 437ms (836 modules)
 GET /tracks/track_x/unit_01?markdown=%2Fmarkdown%2F_parity%2F2026-03-15T07-39-29-198Z%2Ftrack_x%2Funit_01%2Fbaseline.md 200 in 1018ms
 GET /tracks/track_x/unit_01?markdown=%2Fmarkdown%2F_parity%2F2026-03-15T07-39-29-198Z%2Ftrack_x%2Funit_01%2Fcurrent.md 200 in 28ms
 GET /tracks/track_x/unit_01?markdown=%2Fmarkdown%2F_parity%2F2026-03-15T07-39-29-198Z%2Ftrack_x%2Funit_01%2Fbaseline.md 200 in 31ms
 GET /tracks/track_x/unit_01?markdown=%2Fmarkdown%2F_parity%2F2026-03-15T07-39-29-198Z%2Ftrack_x%2Funit_01%2Fcurrent.md 200 in 22ms
 GET /tracks/track_x/unit_02?markdown=%2Fmarkdown%2F_parity%2F2026-03-15T07-39-29-198Z%2Ftrack_x%2Funit_02%2Fbaseline.md 200 in 18ms
 GET /tracks/track_x/unit_02?markdown=%2Fmarkdown%2F_parity%2F2026-03-15T07-39-29-198Z%2Ftrack_x%2Funit_02%2Fcurrent.md 200 in 19ms
 GET /tracks/track_x/unit_02?markdown=%2Fmarkdown%2F_parity%2F2026-03-15T07-39-29-198Z%2Ftrack_x%2Funit_02%2Fbaseline.md 200 in 19ms
 GET /tracks/track_x/unit_02?markdown=%2Fmarkdown%2F_parity%2F2026-03-15T07-39-29-198Z%2Ftrack_x%2Funit_02%2Fcurrent.md 200 in 20ms
 GET /tracks/track_x/unit_03?markdown=%2Fmarkdown%2F_parity%2F2026-03-15T07-39-29-198Z%2Ftrack_x%2Funit_03%2Fbaseline.md 200 in 24ms
 ✓ Compiled /_not-found in 204ms (827 modules)
 GET /markdown/track_x/assets/placeholder_hands_on_functions.png 404 in 400ms
 GET /markdown/track_x/assets/placeholder_functions.png 404 in 400ms
 GET /markdown/track_x/assets/placeholder_hands_on_initialisation.png 404 in 401ms
 GET /markdown/track_x/assets/placeholder_initialisation.png 404 in 402ms
 GET /markdown/track_x/assets/placeholder_hands_on_parameters.png 404 in 400ms
 GET /markdown/track_x/assets/placeholder_parameters.png 404 in 401ms
 GET /tracks/track_x/unit_03?markdown=%2Fmarkdown%2F_parity%2F2026-03-15T07-39-29-198Z%2Ftrack_x%2Funit_03%2Fcurrent.md 200 in 35ms
 GET /markdown/track_x/assets/placeholder_initialisation.png 404 in 40ms
 GET /markdown/track_x/assets/placeholder_hands_on_initialisation.png 404 in 39ms
 GET /markdown/track_x/assets/placeholder_functions.png 404 in 40ms
 GET /markdown/track_x/assets/placeholder_hands_on_parameters.png 404 in 40ms
 GET /markdown/track_x/assets/placeholder_hands_on_functions.png 404 in 41ms
 GET /markdown/track_x/assets/placeholder_parameters.png 404 in 40ms
 GET /tracks/track_x/unit_03?markdown=%2Fmarkdown%2F_parity%2F2026-03-15T07-39-29-198Z%2Ftrack_x%2Funit_03%2Fbaseline.md 200 in 21ms
 GET /markdown/track_x/assets/placeholder_initialisation.png 404 in 37ms
 GET /markdown/track_x/assets/placeholder_hands_on_functions.png 404 in 36ms
 GET /markdown/track_x/assets/placeholder_hands_on_initialisation.png 404 in 37ms
 GET /markdown/track_x/assets/placeholder_functions.png 404 in 38ms
 GET /markdown/track_x/assets/placeholder_parameters.png 404 in 37ms
 GET /markdown/track_x/assets/placeholder_hands_on_parameters.png 404 in 37ms
 GET /tracks/track_x/unit_03?markdown=%2Fmarkdown%2F_parity%2F2026-03-15T07-39-29-198Z%2Ftrack_x%2Funit_03%2Fcurrent.md 200 in 17ms
 GET /markdown/track_x/assets/placeholder_initialisation.png 404 in 36ms
 GET /markdown/track_x/assets/placeholder_hands_on_initialisation.png 404 in 36ms
 GET /markdown/track_x/assets/placeholder_functions.png 404 in 35ms
 GET /markdown/track_x/assets/placeholder_parameters.png 404 in 36ms
 GET /markdown/track_x/assets/placeholder_hands_on_functions.png 404 in 36ms
 GET /markdown/track_x/assets/placeholder_hands_on_parameters.png 404 in 36ms
 GET /tracks/track_x/unit_04?markdown=%2Fmarkdown%2F_parity%2F2026-03-15T07-39-29-198Z%2Ftrack_x%2Funit_04%2Fbaseline.md 200 in 24ms
 GET /markdown/track_x/assets/placeholder_hands_on_initialisation.png 404 in 34ms
 GET /markdown/track_x/assets/placeholder_functions.png 404 in 34ms
 GET /markdown/track_x/assets/placeholder_hands_on_functions.png 404 in 35ms
 GET /markdown/track_x/assets/placeholder_parameters.png 404 in 35ms
 GET /markdown/track_x/assets/placeholder_hands_on_parameters.png 404 in 34ms
 GET /markdown/track_x/assets/placeholder_initialisation.png 404 in 38ms
 GET /tracks/track_x/unit_04?markdown=%2Fmarkdown%2F_parity%2F2026-03-15T07-39-29-198Z%2Ftrack_x%2Funit_04%2Fcurrent.md 200 in 14ms
 GET /markdown/track_x/assets/placeholder_initialisation.png 404 in 38ms
 GET /markdown/track_x/assets/placeholder_hands_on_initialisation.png 404 in 37ms
 GET /markdown/track_x/assets/placeholder_functions.png 404 in 37ms
 GET /markdown/track_x/assets/placeholder_parameters.png 404 in 37ms
 GET /markdown/track_x/assets/placeholder_hands_on_parameters.png 404 in 37ms
 GET /markdown/track_x/assets/placeholder_hands_on_functions.png 404 in 38ms
 GET /tracks/track_x/unit_04?markdown=%2Fmarkdown%2F_parity%2F2026-03-15T07-39-29-198Z%2Ftrack_x%2Funit_04%2Fbaseline.md 200 in 14ms
 GET /markdown/track_x/assets/placeholder_initialisation.png 404 in 37ms
 GET /markdown/track_x/assets/placeholder_hands_on_initialisation.png 404 in 38ms
 GET /markdown/track_x/assets/placeholder_functions.png 404 in 38ms
 GET /markdown/track_x/assets/placeholder_hands_on_parameters.png 404 in 37ms
 GET /markdown/track_x/assets/placeholder_parameters.png 404 in 37ms
 GET /markdown/track_x/assets/placeholder_hands_on_functions.png 404 in 38ms
 GET /tracks/track_x/unit_04?markdown=%2Fmarkdown%2F_parity%2F2026-03-15T07-39-29-198Z%2Ftrack_x%2Funit_04%2Fcurrent.md 200 in 15ms
 GET /markdown/track_x/assets/placeholder_initialisation.png 404 in 35ms
 GET /markdown/track_x/assets/placeholder_hands_on_initialisation.png 404 in 34ms
 GET /markdown/track_x/assets/placeholder_hands_on_parameters.png 404 in 35ms
 GET /markdown/track_x/assets/placeholder_hands_on_functions.png 404 in 35ms
 GET /markdown/track_x/assets/placeholder_parameters.png 404 in 35ms
 GET /markdown/track_x/assets/placeholder_functions.png 404 in 35ms
 GET /tracks/track_x/unit_05?markdown=%2Fmarkdown%2F_parity%2F2026-03-15T07-39-29-198Z%2Ftrack_x%2Funit_05%2Fbaseline.md 200 in 23ms
 GET /markdown/track_x/assets/placeholder_getting_started_about_me.png 404 in 31ms
 GET /markdown/track_x/assets/placeholder_hands_on_about_me.png 404 in 31ms
 GET /markdown/track_x/assets/placeholder_tabs_in_app.png 404 in 31ms
 GET /markdown/track_x/assets/placeholder_changing_accent_colors.png 404 in 31ms
 GET /markdown/track_x/assets/placeholder_adding_images_to_tabs.png 404 in 31ms
 GET /markdown/track_x/assets/placeholder_editing_tab_labels.png 404 in 31ms
 GET /markdown/track_x/assets/placeholder_styling_text.png 404 in 9ms
 GET /tracks/track_x/unit_05?markdown=%2Fmarkdown%2F_parity%2F2026-03-15T07-39-29-198Z%2Ftrack_x%2Funit_05%2Fcurrent.md 200 in 15ms
 GET /markdown/track_x/assets/placeholder_getting_started_about_me.png 404 in 35ms
 GET /markdown/track_x/assets/placeholder_tabs_in_app.png 404 in 36ms
 GET /markdown/track_x/assets/placeholder_editing_tab_labels.png 404 in 35ms
 GET /markdown/track_x/assets/placeholder_changing_accent_colors.png 404 in 35ms
 GET /markdown/track_x/assets/placeholder_hands_on_about_me.png 404 in 36ms
 GET /markdown/track_x/assets/placeholder_adding_images_to_tabs.png 404 in 36ms
 GET /markdown/track_x/assets/placeholder_styling_text.png 404 in 8ms
 GET /tracks/track_x/unit_05?markdown=%2Fmarkdown%2F_parity%2F2026-03-15T07-39-29-198Z%2Ftrack_x%2Funit_05%2Fbaseline.md 200 in 20ms
 GET /markdown/track_x/assets/placeholder_getting_started_about_me.png 404 in 38ms
 GET /markdown/track_x/assets/placeholder_adding_images_to_tabs.png 404 in 36ms
 GET /markdown/track_x/assets/placeholder_hands_on_about_me.png 404 in 37ms
 GET /markdown/track_x/assets/placeholder_editing_tab_labels.png 404 in 38ms
 GET /markdown/track_x/assets/placeholder_changing_accent_colors.png 404 in 37ms
 GET /markdown/track_x/assets/placeholder_tabs_in_app.png 404 in 39ms
 GET /markdown/track_x/assets/placeholder_styling_text.png 404 in 10ms
 GET /tracks/track_x/unit_05?markdown=%2Fmarkdown%2F_parity%2F2026-03-15T07-39-29-198Z%2Ftrack_x%2Funit_05%2Fcurrent.md 200 in 14ms
 GET /markdown/track_x/assets/placeholder_editing_tab_labels.png 404 in 34ms
 GET /markdown/track_x/assets/placeholder_getting_started_about_me.png 404 in 35ms
 GET /markdown/track_x/assets/placeholder_hands_on_about_me.png 404 in 35ms
 GET /markdown/track_x/assets/placeholder_tabs_in_app.png 404 in 36ms
 GET /markdown/track_x/assets/placeholder_changing_accent_colors.png 404 in 34ms
 GET /markdown/track_x/assets/placeholder_adding_images_to_tabs.png 404 in 35ms
 GET /markdown/track_x/assets/placeholder_styling_text.png 404 in 12ms
