$ next dev --hostname "127.0.0.1" --port "3301"
   ▲ Next.js 15.1.11
   - Local:        http://127.0.0.1:3301
   - Network:      http://127.0.0.1:3301
   - Environments: .env.local

 ✓ Starting...
 ✓ Ready in 1438ms
 ✓ Compiled /src/middleware in 114ms (100 modules)
 ○ Compiling /tracks ...
 ✓ Compiled /tracks in 803ms (716 modules)
 GET /tracks 200 in 1138ms
 ✓ Compiled /tracks/[trackId]/[unitId] in 393ms (836 modules)
 GET /tracks/track_b/unit_04C?markdown=%2Fmarkdown%2F_parity%2F2026-03-15T07-25-04-748Z%2Ftrack_b%2Funit_04C%2Fbaseline.md 200 in 948ms
 GET /tracks/track_b/unit_04C?markdown=%2Fmarkdown%2F_parity%2F2026-03-15T07-25-04-748Z%2Ftrack_b%2Funit_04C%2Fcurrent.md 200 in 26ms
 GET /tracks/track_b/unit_04C?markdown=%2Fmarkdown%2F_parity%2F2026-03-15T07-25-04-748Z%2Ftrack_b%2Funit_04C%2Fbaseline.md 200 in 24ms
 GET /tracks/track_b/unit_04C?markdown=%2Fmarkdown%2F_parity%2F2026-03-15T07-25-04-748Z%2Ftrack_b%2Funit_04C%2Fcurrent.md 200 in 20ms
 GET /tracks/track_b/unit_05?markdown=%2Fmarkdown%2F_parity%2F2026-03-15T07-25-04-748Z%2Ftrack_b%2Funit_05%2Fbaseline.md 200 in 20ms
 GET /tracks/track_b/unit_05?markdown=%2Fmarkdown%2F_parity%2F2026-03-15T07-25-04-748Z%2Ftrack_b%2Funit_05%2Fcurrent.md 200 in 18ms
 GET /tracks/track_b/unit_05?markdown=%2Fmarkdown%2F_parity%2F2026-03-15T07-25-04-748Z%2Ftrack_b%2Funit_05%2Fbaseline.md 200 in 28ms
 GET /tracks/track_b/unit_05?markdown=%2Fmarkdown%2F_parity%2F2026-03-15T07-25-04-748Z%2Ftrack_b%2Funit_05%2Fcurrent.md 200 in 25ms
 GET /tracks/track_b/unit_06?markdown=%2Fmarkdown%2F_parity%2F2026-03-15T07-25-04-748Z%2Ftrack_b%2Funit_06%2Fbaseline.md 200 in 35ms
 GET /tracks/track_b/unit_06?markdown=%2Fmarkdown%2F_parity%2F2026-03-15T07-25-04-748Z%2Ftrack_b%2Funit_06%2Fcurrent.md 200 in 17ms
 GET /tracks/track_b/unit_06?markdown=%2Fmarkdown%2F_parity%2F2026-03-15T07-25-04-748Z%2Ftrack_b%2Funit_06%2Fbaseline.md 200 in 20ms
 GET /tracks/track_b/unit_06?markdown=%2Fmarkdown%2F_parity%2F2026-03-15T07-25-04-748Z%2Ftrack_b%2Funit_06%2Fcurrent.md 200 in 18ms
