$ next dev --hostname "127.0.0.1" --port "3302"
   ▲ Next.js 15.1.11
   - Local:        http://127.0.0.1:3302
   - Network:      http://127.0.0.1:3302
   - Environments: .env.local

 ✓ Starting...
 ✓ Ready in 1054ms
 ✓ Compiled /src/middleware in 73ms (100 modules)
 ○ Compiling /tracks ...
 ✓ Compiled /tracks in 548ms (716 modules)
 GET /tracks 200 in 768ms
 ✓ Compiled /tracks/[trackId]/[unitId] in 226ms (836 modules)
 GET /tracks/track_a/unit_01?markdown=%2Fmarkdown%2F_parity%2F2026-03-15T15-23-48-910Z%2Ftrack_a%2Funit_01%2Fbaseline.md 200 in 598ms
 GET /tracks/track_a/unit_01?markdown=%2Fmarkdown%2F_parity%2F2026-03-15T15-23-48-910Z%2Ftrack_a%2Funit_01%2Fcurrent.md 200 in 16ms
 GET /tracks/track_a/unit_01?markdown=%2Fmarkdown%2F_parity%2F2026-03-15T15-23-48-910Z%2Ftrack_a%2Funit_01%2Fbaseline.md 200 in 19ms
 GET /tracks/track_a/unit_01?markdown=%2Fmarkdown%2F_parity%2F2026-03-15T15-23-48-910Z%2Ftrack_a%2Funit_01%2Fcurrent.md 200 in 17ms
 GET /tracks/track_a/unit_03?markdown=%2Fmarkdown%2F_parity%2F2026-03-15T15-23-48-910Z%2Ftrack_a%2Funit_03%2Fbaseline.md 200 in 15ms
 GET /tracks/track_a/unit_03?markdown=%2Fmarkdown%2F_parity%2F2026-03-15T15-23-48-910Z%2Ftrack_a%2Funit_03%2Fcurrent.md 200 in 12ms
 GET /tracks/track_a/unit_03?markdown=%2Fmarkdown%2F_parity%2F2026-03-15T15-23-48-910Z%2Ftrack_a%2Funit_03%2Fbaseline.md 200 in 14ms
 GET /tracks/track_a/unit_03?markdown=%2Fmarkdown%2F_parity%2F2026-03-15T15-23-48-910Z%2Ftrack_a%2Funit_03%2Fcurrent.md 200 in 15ms
 GET /tracks/track_a/unit_04?markdown=%2Fmarkdown%2F_parity%2F2026-03-15T15-23-48-910Z%2Ftrack_a%2Funit_04%2Fbaseline.md 200 in 15ms
 GET /tracks/track_a/unit_04?markdown=%2Fmarkdown%2F_parity%2F2026-03-15T15-23-48-910Z%2Ftrack_a%2Funit_04%2Fcurrent.md 200 in 14ms
 GET /tracks/track_a/unit_04?markdown=%2Fmarkdown%2F_parity%2F2026-03-15T15-23-48-910Z%2Ftrack_a%2Funit_04%2Fbaseline.md 200 in 15ms
 GET /tracks/track_a/unit_04?markdown=%2Fmarkdown%2F_parity%2F2026-03-15T15-23-48-910Z%2Ftrack_a%2Funit_04%2Fcurrent.md 200 in 13ms
 GET /tracks/track_a/unit_04A?markdown=%2Fmarkdown%2F_parity%2F2026-03-15T15-23-48-910Z%2Ftrack_a%2Funit_04A%2Fbaseline.md 200 in 15ms
 GET /tracks/track_a/unit_04A?markdown=%2Fmarkdown%2F_parity%2F2026-03-15T15-23-48-910Z%2Ftrack_a%2Funit_04A%2Fcurrent.md 200 in 10ms
 GET /tracks/track_a/unit_04A?markdown=%2Fmarkdown%2F_parity%2F2026-03-15T15-23-48-910Z%2Ftrack_a%2Funit_04A%2Fbaseline.md 200 in 12ms
 GET /tracks/track_a/unit_04A?markdown=%2Fmarkdown%2F_parity%2F2026-03-15T15-23-48-910Z%2Ftrack_a%2Funit_04A%2Fcurrent.md 200 in 13ms
 GET /tracks/track_a/unit_05?markdown=%2Fmarkdown%2F_parity%2F2026-03-15T15-23-48-910Z%2Ftrack_a%2Funit_05%2Fbaseline.md 200 in 13ms
 GET /tracks/track_a/unit_05?markdown=%2Fmarkdown%2F_parity%2F2026-03-15T15-23-48-910Z%2Ftrack_a%2Funit_05%2Fcurrent.md 200 in 10ms
 GET /tracks/track_a/unit_05?markdown=%2Fmarkdown%2F_parity%2F2026-03-15T15-23-48-910Z%2Ftrack_a%2Funit_05%2Fbaseline.md 200 in 17ms
 GET /tracks/track_a/unit_05?markdown=%2Fmarkdown%2F_parity%2F2026-03-15T15-23-48-910Z%2Ftrack_a%2Funit_05%2Fcurrent.md 200 in 12ms
 GET /tracks/track_a/unit_05A?markdown=%2Fmarkdown%2F_parity%2F2026-03-15T15-23-48-910Z%2Ftrack_a%2Funit_05A%2Fbaseline.md 200 in 13ms
 GET /tracks/track_a/unit_05A?markdown=%2Fmarkdown%2F_parity%2F2026-03-15T15-23-48-910Z%2Ftrack_a%2Funit_05A%2Fcurrent.md 200 in 13ms
 GET /tracks/track_a/unit_05A?markdown=%2Fmarkdown%2F_parity%2F2026-03-15T15-23-48-910Z%2Ftrack_a%2Funit_05A%2Fbaseline.md 200 in 12ms
 GET /tracks/track_a/unit_05A?markdown=%2Fmarkdown%2F_parity%2F2026-03-15T15-23-48-910Z%2Ftrack_a%2Funit_05A%2Fcurrent.md 200 in 10ms
 GET /tracks/track_a/unit_06?markdown=%2Fmarkdown%2F_parity%2F2026-03-15T15-23-48-910Z%2Ftrack_a%2Funit_06%2Fbaseline.md 200 in 15ms
 GET /tracks/track_a/unit_06?markdown=%2Fmarkdown%2F_parity%2F2026-03-15T15-23-48-910Z%2Ftrack_a%2Funit_06%2Fcurrent.md 200 in 11ms
 GET /tracks/track_a/unit_06?markdown=%2Fmarkdown%2F_parity%2F2026-03-15T15-23-48-910Z%2Ftrack_a%2Funit_06%2Fbaseline.md 200 in 12ms
 GET /tracks/track_a/unit_06?markdown=%2Fmarkdown%2F_parity%2F2026-03-15T15-23-48-910Z%2Ftrack_a%2Funit_06%2Fcurrent.md 200 in 14ms
 GET /tracks/track_a/unit_06A?markdown=%2Fmarkdown%2F_parity%2F2026-03-15T15-23-48-910Z%2Ftrack_a%2Funit_06A%2Fbaseline.md 200 in 11ms
 GET /tracks/track_a/unit_06A?markdown=%2Fmarkdown%2F_parity%2F2026-03-15T15-23-48-910Z%2Ftrack_a%2Funit_06A%2Fcurrent.md 200 in 11ms
 GET /tracks/track_a/unit_06A?markdown=%2Fmarkdown%2F_parity%2F2026-03-15T15-23-48-910Z%2Ftrack_a%2Funit_06A%2Fbaseline.md 200 in 12ms
 GET /tracks/track_a/unit_06A?markdown=%2Fmarkdown%2F_parity%2F2026-03-15T15-23-48-910Z%2Ftrack_a%2Funit_06A%2Fcurrent.md 200 in 12ms
 GET /tracks/track_a/unit_07?markdown=%2Fmarkdown%2F_parity%2F2026-03-15T15-23-48-910Z%2Ftrack_a%2Funit_07%2Fbaseline.md 200 in 12ms
 GET /tracks/track_a/unit_07?markdown=%2Fmarkdown%2F_parity%2F2026-03-15T15-23-48-910Z%2Ftrack_a%2Funit_07%2Fcurrent.md 200 in 11ms
 GET /tracks/track_a/unit_07?markdown=%2Fmarkdown%2F_parity%2F2026-03-15T15-23-48-910Z%2Ftrack_a%2Funit_07%2Fbaseline.md 200 in 14ms
 GET /tracks/track_a/unit_07?markdown=%2Fmarkdown%2F_parity%2F2026-03-15T15-23-48-910Z%2Ftrack_a%2Funit_07%2Fcurrent.md 200 in 12ms
