$ next dev --hostname "127.0.0.1" --port "3304"
   ▲ Next.js 15.1.11
   - Local:        http://127.0.0.1:3304
   - Network:      http://127.0.0.1:3304
   - Environments: .env.local

 ✓ Starting...
 ✓ Ready in 1199ms
 ✓ Compiled /src/middleware in 77ms (100 modules)
 ○ Compiling /tracks ...
 ✓ Compiled /tracks in 567ms (716 modules)
 GET /tracks 200 in 791ms
 ✓ Compiled /tracks/[trackId]/[unitId] in 418ms (836 modules)
 GET /tracks/track_b/unit_04C?markdown=%2Fmarkdown%2F_parity%2F2026-03-15T15-13-58-695Z%2Ftrack_b%2Funit_04C%2Fbaseline.md 200 in 811ms
 GET /tracks/track_b/unit_04C?markdown=%2Fmarkdown%2F_parity%2F2026-03-15T15-13-58-695Z%2Ftrack_b%2Funit_04C%2Fcurrent.md 200 in 20ms
 GET /tracks/track_b/unit_04C?markdown=%2Fmarkdown%2F_parity%2F2026-03-15T15-13-58-695Z%2Ftrack_b%2Funit_04C%2Fbaseline.md 200 in 19ms
 GET /tracks/track_b/unit_04C?markdown=%2Fmarkdown%2F_parity%2F2026-03-15T15-13-58-695Z%2Ftrack_b%2Funit_04C%2Fcurrent.md 200 in 18ms
 GET /tracks/track_b/unit_05?markdown=%2Fmarkdown%2F_parity%2F2026-03-15T15-13-58-695Z%2Ftrack_b%2Funit_05%2Fbaseline.md 200 in 17ms
 GET /tracks/track_b/unit_05?markdown=%2Fmarkdown%2F_parity%2F2026-03-15T15-13-58-695Z%2Ftrack_b%2Funit_05%2Fcurrent.md 200 in 13ms
 GET /tracks/track_b/unit_05?markdown=%2Fmarkdown%2F_parity%2F2026-03-15T15-13-58-695Z%2Ftrack_b%2Funit_05%2Fbaseline.md 200 in 14ms
 GET /tracks/track_b/unit_05?markdown=%2Fmarkdown%2F_parity%2F2026-03-15T15-13-58-695Z%2Ftrack_b%2Funit_05%2Fcurrent.md 200 in 15ms
 GET /tracks/track_b/unit_06?markdown=%2Fmarkdown%2F_parity%2F2026-03-15T15-13-58-695Z%2Ftrack_b%2Funit_06%2Fbaseline.md 200 in 16ms
 GET /tracks/track_b/unit_06?markdown=%2Fmarkdown%2F_parity%2F2026-03-15T15-13-58-695Z%2Ftrack_b%2Funit_06%2Fcurrent.md 200 in 14ms
 GET /tracks/track_b/unit_06?markdown=%2Fmarkdown%2F_parity%2F2026-03-15T15-13-58-695Z%2Ftrack_b%2Funit_06%2Fbaseline.md 200 in 16ms
 GET /tracks/track_b/unit_06?markdown=%2Fmarkdown%2F_parity%2F2026-03-15T15-13-58-695Z%2Ftrack_b%2Funit_06%2Fcurrent.md 200 in 12ms
