$ next dev --hostname "127.0.0.1" --port "3305"
   ▲ Next.js 15.1.11
   - Local:        http://127.0.0.1:3305
   - Network:      http://127.0.0.1:3305
   - Environments: .env.local

 ✓ Starting...
 ✓ Ready in 1065ms
 ✓ Compiled /src/middleware in 79ms (100 modules)
 ○ Compiling /tracks ...
 ✓ Compiled /tracks in 565ms (716 modules)
 GET /tracks 200 in 783ms
 ✓ Compiled /tracks/[trackId]/[unitId] in 238ms (836 modules)
 GET /tracks/track_x/unit_01?markdown=%2Fmarkdown%2F_parity%2F2026-03-15T15-33-09-687Z%2Ftrack_x%2Funit_01%2Fbaseline.md 200 in 608ms
 GET /tracks/track_x/unit_01?markdown=%2Fmarkdown%2F_parity%2F2026-03-15T15-33-09-687Z%2Ftrack_x%2Funit_01%2Fcurrent.md 200 in 17ms
 GET /tracks/track_x/unit_01?markdown=%2Fmarkdown%2F_parity%2F2026-03-15T15-33-09-687Z%2Ftrack_x%2Funit_01%2Fbaseline.md 200 in 18ms
 GET /tracks/track_x/unit_01?markdown=%2Fmarkdown%2F_parity%2F2026-03-15T15-33-09-687Z%2Ftrack_x%2Funit_01%2Fcurrent.md 200 in 16ms
 GET /tracks/track_x/unit_02?markdown=%2Fmarkdown%2F_parity%2F2026-03-15T15-33-09-687Z%2Ftrack_x%2Funit_02%2Fbaseline.md 200 in 15ms
 GET /tracks/track_x/unit_02?markdown=%2Fmarkdown%2F_parity%2F2026-03-15T15-33-09-687Z%2Ftrack_x%2Funit_02%2Fcurrent.md 200 in 12ms
 GET /tracks/track_x/unit_02?markdown=%2Fmarkdown%2F_parity%2F2026-03-15T15-33-09-687Z%2Ftrack_x%2Funit_02%2Fbaseline.md 200 in 14ms
 GET /tracks/track_x/unit_02?markdown=%2Fmarkdown%2F_parity%2F2026-03-15T15-33-09-687Z%2Ftrack_x%2Funit_02%2Fcurrent.md 200 in 18ms
 GET /tracks/track_x/unit_03?markdown=%2Fmarkdown%2F_parity%2F2026-03-15T15-33-09-687Z%2Ftrack_x%2Funit_03%2Fbaseline.md 200 in 16ms
 ✓ Compiled /_not-found in 159ms (827 modules)
 GET /markdown/track_x/assets/placeholder_hands_on_functions.png 404 in 288ms
 GET /markdown/track_x/assets/placeholder_hands_on_initialisation.png 404 in 288ms
 GET /markdown/track_x/assets/placeholder_parameters.png 404 in 288ms
 GET /markdown/track_x/assets/placeholder_functions.png 404 in 289ms
 GET /markdown/track_x/assets/placeholder_initialisation.png 404 in 290ms
 GET /markdown/track_x/assets/placeholder_hands_on_parameters.png 404 in 289ms
 GET /tracks/track_x/unit_03?markdown=%2Fmarkdown%2F_parity%2F2026-03-15T15-33-09-687Z%2Ftrack_x%2Funit_03%2Fcurrent.md 200 in 26ms
 GET /markdown/track_x/assets/placeholder_initialisation.png 404 in 27ms
 GET /markdown/track_x/assets/placeholder_functions.png 404 in 28ms
 GET /markdown/track_x/assets/placeholder_hands_on_initialisation.png 404 in 28ms
 GET /markdown/track_x/assets/placeholder_hands_on_parameters.png 404 in 27ms
 GET /markdown/track_x/assets/placeholder_parameters.png 404 in 28ms
 GET /markdown/track_x/assets/placeholder_hands_on_functions.png 404 in 28ms
 GET /tracks/track_x/unit_03?markdown=%2Fmarkdown%2F_parity%2F2026-03-15T15-33-09-687Z%2Ftrack_x%2Funit_03%2Fbaseline.md 200 in 16ms
 GET /markdown/track_x/assets/placeholder_hands_on_initialisation.png 404 in 28ms
 GET /markdown/track_x/assets/placeholder_functions.png 404 in 28ms
 GET /markdown/track_x/assets/placeholder_initialisation.png 404 in 29ms
 GET /markdown/track_x/assets/placeholder_parameters.png 404 in 27ms
 GET /markdown/track_x/assets/placeholder_hands_on_functions.png 404 in 28ms
 GET /markdown/track_x/assets/placeholder_hands_on_parameters.png 404 in 27ms
 GET /tracks/track_x/unit_03?markdown=%2Fmarkdown%2F_parity%2F2026-03-15T15-33-09-687Z%2Ftrack_x%2Funit_03%2Fcurrent.md 200 in 12ms
 GET /markdown/track_x/assets/placeholder_initialisation.png 404 in 29ms
 GET /markdown/track_x/assets/placeholder_hands_on_parameters.png 404 in 28ms
 GET /markdown/track_x/assets/placeholder_parameters.png 404 in 28ms
 GET /markdown/track_x/assets/placeholder_hands_on_functions.png 404 in 29ms
 GET /markdown/track_x/assets/placeholder_functions.png 404 in 29ms
 GET /markdown/track_x/assets/placeholder_hands_on_initialisation.png 404 in 29ms
 GET /tracks/track_x/unit_04?markdown=%2Fmarkdown%2F_parity%2F2026-03-15T15-33-09-687Z%2Ftrack_x%2Funit_04%2Fbaseline.md 200 in 10ms
 GET /markdown/track_x/assets/placeholder_initialisation.png 404 in 27ms
 GET /markdown/track_x/assets/placeholder_hands_on_initialisation.png 404 in 27ms
 GET /markdown/track_x/assets/placeholder_parameters.png 404 in 27ms
 GET /markdown/track_x/assets/placeholder_functions.png 404 in 27ms
 GET /markdown/track_x/assets/placeholder_hands_on_parameters.png 404 in 27ms
 GET /markdown/track_x/assets/placeholder_hands_on_functions.png 404 in 27ms
 GET /tracks/track_x/unit_04?markdown=%2Fmarkdown%2F_parity%2F2026-03-15T15-33-09-687Z%2Ftrack_x%2Funit_04%2Fcurrent.md 200 in 12ms
 GET /markdown/track_x/assets/placeholder_hands_on_initialisation.png 404 in 27ms
 GET /markdown/track_x/assets/placeholder_functions.png 404 in 27ms
 GET /markdown/track_x/assets/placeholder_parameters.png 404 in 27ms
 GET /markdown/track_x/assets/placeholder_initialisation.png 404 in 28ms
 GET /markdown/track_x/assets/placeholder_hands_on_functions.png 404 in 28ms
 GET /markdown/track_x/assets/placeholder_hands_on_parameters.png 404 in 28ms
 GET /tracks/track_x/unit_04?markdown=%2Fmarkdown%2F_parity%2F2026-03-15T15-33-09-687Z%2Ftrack_x%2Funit_04%2Fbaseline.md 200 in 14ms
 GET /markdown/track_x/assets/placeholder_initialisation.png 404 in 32ms
 GET /markdown/track_x/assets/placeholder_parameters.png 404 in 31ms
 GET /markdown/track_x/assets/placeholder_hands_on_functions.png 404 in 32ms
 GET /markdown/track_x/assets/placeholder_functions.png 404 in 32ms
 GET /markdown/track_x/assets/placeholder_hands_on_initialisation.png 404 in 32ms
 GET /markdown/track_x/assets/placeholder_hands_on_parameters.png 404 in 32ms
 GET /tracks/track_x/unit_04?markdown=%2Fmarkdown%2F_parity%2F2026-03-15T15-33-09-687Z%2Ftrack_x%2Funit_04%2Fcurrent.md 200 in 11ms
 GET /markdown/track_x/assets/placeholder_initialisation.png 404 in 24ms
 GET /markdown/track_x/assets/placeholder_parameters.png 404 in 23ms
 GET /markdown/track_x/assets/placeholder_hands_on_functions.png 404 in 23ms
 GET /markdown/track_x/assets/placeholder_hands_on_initialisation.png 404 in 24ms
 GET /markdown/track_x/assets/placeholder_hands_on_parameters.png 404 in 23ms
 GET /markdown/track_x/assets/placeholder_functions.png 404 in 23ms
 GET /tracks/track_x/unit_05?markdown=%2Fmarkdown%2F_parity%2F2026-03-15T15-33-09-687Z%2Ftrack_x%2Funit_05%2Fbaseline.md 200 in 11ms
 GET /markdown/track_x/assets/placeholder_editing_tab_labels.png 404 in 25ms
 GET /markdown/track_x/assets/placeholder_adding_images_to_tabs.png 404 in 25ms
 GET /markdown/track_x/assets/placeholder_hands_on_about_me.png 404 in 26ms
 GET /markdown/track_x/assets/placeholder_tabs_in_app.png 404 in 26ms
 GET /markdown/track_x/assets/placeholder_getting_started_about_me.png 404 in 27ms
 GET /markdown/track_x/assets/placeholder_changing_accent_colors.png 404 in 26ms
 GET /markdown/track_x/assets/placeholder_styling_text.png 404 in 6ms
 GET /tracks/track_x/unit_05?markdown=%2Fmarkdown%2F_parity%2F2026-03-15T15-33-09-687Z%2Ftrack_x%2Funit_05%2Fcurrent.md 200 in 12ms
 GET /markdown/track_x/assets/placeholder_getting_started_about_me.png 404 in 21ms
 GET /markdown/track_x/assets/placeholder_hands_on_about_me.png 404 in 21ms
 GET /markdown/track_x/assets/placeholder_editing_tab_labels.png 404 in 21ms
 GET /markdown/track_x/assets/placeholder_changing_accent_colors.png 404 in 22ms
 GET /markdown/track_x/assets/placeholder_tabs_in_app.png 404 in 22ms
 GET /markdown/track_x/assets/placeholder_adding_images_to_tabs.png 404 in 22ms
 GET /markdown/track_x/assets/placeholder_styling_text.png 404 in 6ms
 GET /tracks/track_x/unit_05?markdown=%2Fmarkdown%2F_parity%2F2026-03-15T15-33-09-687Z%2Ftrack_x%2Funit_05%2Fbaseline.md 200 in 10ms
 GET /markdown/track_x/assets/placeholder_getting_started_about_me.png 404 in 22ms
 GET /markdown/track_x/assets/placeholder_editing_tab_labels.png 404 in 21ms
 GET /markdown/track_x/assets/placeholder_adding_images_to_tabs.png 404 in 22ms
 GET /markdown/track_x/assets/placeholder_changing_accent_colors.png 404 in 22ms
 GET /markdown/track_x/assets/placeholder_hands_on_about_me.png 404 in 22ms
 GET /markdown/track_x/assets/placeholder_tabs_in_app.png 404 in 22ms
 GET /markdown/track_x/assets/placeholder_styling_text.png 404 in 7ms
 GET /tracks/track_x/unit_05?markdown=%2Fmarkdown%2F_parity%2F2026-03-15T15-33-09-687Z%2Ftrack_x%2Funit_05%2Fcurrent.md 200 in 10ms
 GET /markdown/track_x/assets/placeholder_editing_tab_labels.png 404 in 27ms
 GET /markdown/track_x/assets/placeholder_hands_on_about_me.png 404 in 28ms
 GET /markdown/track_x/assets/placeholder_adding_images_to_tabs.png 404 in 27ms
 GET /markdown/track_x/assets/placeholder_tabs_in_app.png 404 in 28ms
 GET /markdown/track_x/assets/placeholder_getting_started_about_me.png 404 in 28ms
 GET /markdown/track_x/assets/placeholder_changing_accent_colors.png 404 in 28ms
 GET /markdown/track_x/assets/placeholder_styling_text.png 404 in 6ms
